>>>> [1] add1 <<<<
Executing command 'blank' ...
Executing command 'add' ...
Executing command 'save' ...
>>>> [2] add2 <<<<
Executing command 'blank' ...
Executing command 'add' ...
Executing command 'add' ...
Executing command 'add' ...
Executing command 'add' ...
Executing command 'save' ...
>>>> [3] add3 <<<<
Executing command 'blank' ...
Executing command 'add' ...
Executing command 'add' ...
Executing command 'add' ...
Executing command 'add' ...
Executing command 'save' ...
>>>> [4] add4 <<<<
Executing command 'open' ...
Executing command 'add' ...
Executing command 'add' ...
Executing command 'add' ...
Executing command 'save' ...
>>>> [5] add5 <<<<
Executing command 'blank' ...
Executing command 'add' ...
Executing command 'add' ...
Executing command 'add' ...
Executing command 'save' ...
>>>> [6] basic_blank1 <<<<
Executing command 'blank' ...
Executing command 'save' ...
>>>> [7] basic_blank2 <<<<
Executing command 'blank' ...
Executing command 'save' ...
>>>> [8] basic_blank3 <<<<
Executing command 'blank' ...
Executing command 'blank' ...
Executing command 'save' ...
>>>> [9] basic_open1 <<<<
Executing command 'open' ...
Executing command 'save' ...
>>>> [10] basic_open2 <<<<
Executing command 'open' ...
Executing command 'open' ...
Executing command 'save' ...
>>>> [11] crop1 <<<<
Executing command 'open' ...
Executing command 'crop' ...
Executing command 'save' ...
>>>> [12] crop2 <<<<
Executing command 'open' ...
Executing command 'crop' ...
Executing command 'save' ...
>>>> [13] crop3 <<<<
Executing command 'open' ...
Executing command 'crop' ...
Executing command 'crop' ...
Executing command 'save' ...
>>>> [14] crop4 <<<<
Executing command 'open' ...
Executing command 'crop' ...
Executing command 'save' ...
>>>> [15] crop5 <<<<
Executing command 'open' ...
Executing command 'crop' ...
Executing command 'crop' ...
Executing command 'save' ...
>>>> [16] crop6 <<<<
Executing command 'open' ...
Executing command 'crop' ...
Executing command 'crop' ...
Executing command 'crop' ...
Executing command 'save' ...
>>>> [17] extra1 <<<<
Executing command 'blank' ...
Executing command 'add' ...
Executing command 'add' ...
Executing command 'rotate_left' ...
Executing command 'rotate_right' ...
Executing command 'rotate_right' ...
Executing command 'rotate_right' ...
Executing command 'rotate_right' ...
Executing command 'rotate_right' ...
Executing command 'replace' ...
Executing command 'replace' ...
Executing command 'invert' ...
Executing command 'invert' ...
Executing command 'save' ...
>>>> [18] extra2 <<<<
Executing command 'blank' ...
Executing command 'add' ...
Executing command 'add' ...
Executing command 'h_mirror' ...
Executing command 'v_mirror' ...
Executing command 'rotate_left' ...
Executing command 'rotate_right' ...
Executing command 'rotate_right' ...
Executing command 'to_gray_scale' ...
Executing command 'rotate_right' ...
Executing command 'rotate_right' ...
Executing command 'rotate_right' ...
Executing command 'replace' ...
Executing command 'replace' ...
Executing command 'invert' ...
Executing command 'v_mirror' ...
Executing command 'h_mirror' ...
Executing command 'invert' ...
Executing command 'save' ...
>>>> [19] extra3 <<<<
Executing command 'open' ...
Executing command 'invert' ...
Executing command 'rotate_left' ...
Executing command 'h_mirror' ...
Executing command 'save' ...
Executing command 'open' ...
Executing command 'rotate_right' ...
Executing command 'v_mirror' ...
Executing command 'invert' ...
Executing command 'save' ...
Executing command 'blank' ...
Executing command 'add' ...
Executing command 'add' ...
Executing command 'add' ...
Executing command 'add' ...
Executing command 'save' ...
>>>> [20] extra4 <<<<
Executing command 'blank' ...
Executing command 'fill' ...
Executing command 'add' ...
Executing command 'fill' ...
Executing command 'add' ...
Executing command 'fill' ...
Executing command 'add' ...
Executing command 'save' ...
>>>> [21] fill1 <<<<
Executing command 'open' ...
Executing command 'fill' ...
Executing command 'save' ...
>>>> [22] fill2 <<<<
Executing command 'open' ...
Executing command 'fill' ...
Executing command 'fill' ...
Executing command 'fill' ...
Executing command 'save' ...
>>>> [23] fill3 <<<<
Executing command 'open' ...
Executing command 'fill' ...
Executing command 'save' ...
>>>> [24] fill4 <<<<
Executing command 'blank' ...
Executing command 'fill' ...
Executing command 'fill' ...
Executing command 'fill' ...
Executing command 'fill' ...
Executing command 'fill' ...
Executing command 'fill' ...
Executing command 'save' ...
>>>> [25] h_mirror1 <<<<
Executing command 'open' ...
Executing command 'h_mirror' ...
Executing command 'save' ...
>>>> [26] h_mirror2 <<<<
Executing command 'open' ...
Executing command 'h_mirror' ...
Executing command 'h_mirror' ...
Executing command 'save' ...
>>>> [27] h_mirror3 <<<<
Executing command 'open' ...
Executing command 'h_mirror' ...
Executing command 'save' ...
>>>> [28] h_mirror4 <<<<
Executing command 'open' ...
Executing command 'h_mirror' ...
Executing command 'save' ...
>>>> [29] invert1 <<<<
Executing command 'open' ...
Executing command 'invert' ...
Executing command 'save' ...
>>>> [30] invert2 <<<<
Executing command 'open' ...
Executing command 'invert' ...
Executing command 'invert' ...
Executing command 'save' ...
>>>> [31] invert3 <<<<
Executing command 'open' ...
Executing command 'invert' ...
Executing command 'save' ...
>>>> [32] invert4 <<<<
Executing command 'open' ...
Executing command 'invert' ...
Executing command 'save' ...
>>>> [33] median_filter1 <<<<
Executing command 'open' ...
Executing command 'median_filter' ...
Executing command 'save' ...
>>>> [34] median_filter2 <<<<
Executing command 'open' ...
Executing command 'median_filter' ...
Executing command 'save' ...
>>>> [35] median_filter3 <<<<
Executing command 'open' ...
Executing command 'median_filter' ...
Executing command 'median_filter' ...
Executing command 'save' ...
>>>> [36] median_filter4 <<<<
Executing command 'open' ...
Executing command 'median_filter' ...
Executing command 'median_filter' ...
Executing command 'save' ...
>>>> [37] median_filter5 <<<<
Executing command 'open' ...
Executing command 'median_filter' ...
Executing command 'median_filter' ...
Executing command 'median_filter' ...
Executing command 'median_filter' ...
Executing command 'save' ...
>>>> [38] replace1 <<<<
Executing command 'open' ...
Executing command 'replace' ...
Executing command 'save' ...
>>>> [39] replace2 <<<<
Executing command 'open' ...
Executing command 'replace' ...
Executing command 'save' ...
>>>> [40] replace3 <<<<
Executing command 'open' ...
Executing command 'replace' ...
Executing command 'replace' ...
Executing command 'save' ...
>>>> [41] rotate_left1 <<<<
Executing command 'open' ...
Executing command 'rotate_left' ...
Executing command 'save' ...
>>>> [42] rotate_left2 <<<<
Executing command 'open' ...
Executing command 'rotate_left' ...
Executing command 'rotate_left' ...
Executing command 'save' ...
>>>> [43] rotate_left3 <<<<
Executing command 'open' ...
Executing command 'rotate_left' ...
Executing command 'rotate_left' ...
Executing command 'rotate_left' ...
Executing command 'save' ...
>>>> [44] rotate_left_rotate_right1 <<<<
Executing command 'open' ...
Executing command 'rotate_left' ...
Executing command 'rotate_right' ...
Executing command 'save' ...
>>>> [45] rotate_left_rotate_right2 <<<<
Executing command 'open' ...
Executing command 'rotate_left' ...
Executing command 'rotate_right' ...
Executing command 'rotate_right' ...
Executing command 'save' ...
>>>> [46] rotate_right1 <<<<
Executing command 'open' ...
Executing command 'rotate_right' ...
Executing command 'save' ...
>>>> [47] rotate_right2 <<<<
Executing command 'open' ...
Executing command 'rotate_right' ...
Executing command 'rotate_right' ...
Executing command 'save' ...
>>>> [48] rotate_right3 <<<<
Executing command 'open' ...
Executing command 'rotate_right' ...
Executing command 'rotate_right' ...
Executing command 'save' ...
>>>> [49] to_gray_scale1 <<<<
Executing command 'open' ...
Executing command 'to_gray_scale' ...
Executing command 'save' ...
>>>> [50] to_gray_scale2 <<<<
Executing command 'open' ...
Executing command 'to_gray_scale' ...
Executing command 'to_gray_scale' ...
Executing command 'save' ...
>>>> [51] to_gray_scale3 <<<<
Executing command 'open' ...
Executing command 'to_gray_scale' ...
Executing command 'save' ...
>>>> [52] to_gray_scale4 <<<<
Executing command 'open' ...
Executing command 'to_gray_scale' ...
Executing command 'save' ...
>>>> [53] v_mirror1 <<<<
Executing command 'open' ...
Executing command 'v_mirror' ...
Executing command 'save' ...
>>>> [54] v_mirror2 <<<<
Executing command 'open' ...
Executing command 'v_mirror' ...
Executing command 'v_mirror' ...
Executing command 'save' ...
>>>> [55] v_mirror3 <<<<
Executing command 'open' ...
Executing command 'v_mirror' ...
Executing command 'save' ...
>>>> [56] v_mirror4 <<<<
Executing command 'open' ...
Executing command 'v_mirror' ...
Executing command 'save' ...
>>>> [57] xpm2_open1 <<<<
Executing command 'xpm2_open' ...
Executing command 'input/blarg.xpm' ...
Executing command 'save' ...
PNG.cpp:31:30: runtime error: member call on null pointer of type 'const struct Image'
Image.cpp:42:12: runtime error: member access within null pointer of type 'const struct Image'
AddressSanitizer:DEADLYSIGNAL
=================================================================
==12002==ERROR: AddressSanitizer: SEGV on unknown address 0x000000000004 (pc 0x559332d2525f bp 0x7ffed37e5830 sp 0x7ffed37e5820 T0)
==12002==The signal is caused by a READ memory access.
==12002==Hint: address points to the zero page.
    #0 0x559332d2525f in prog::Image::height() const /home/xtreme/Desktop/project_prog/Image.cpp:42
    #1 0x559332d7d14f in prog::saveToPNG(std::__cxx11::basic_string<char, std::char_traits<char>, std::allocator<char> > const&, prog::Image const*) /home/xtreme/Desktop/project_prog/PNG.cpp:31
    #2 0x559332d37f5e in prog::Script::save() /home/xtreme/Desktop/project_prog/Script.cpp:166
    #3 0x559332d34217 in prog::Script::run() /home/xtreme/Desktop/project_prog/Script.cpp:50
    #4 0x559332d162bb in prog::TestDriver::test_script(std::__cxx11::basic_string<char, std::char_traits<char>, std::allocator<char> > const&) (/home/xtreme/Desktop/project_prog/test+0x8c2bb)
    #5 0x559332d170bd in prog::TestDriver::run_test(std::__cxx11::basic_string<char, std::char_traits<char>, std::allocator<char> > const&) (/home/xtreme/Desktop/project_prog/test+0x8d0bd)
    #6 0x559332d18f33 in prog::TestDriver::test_scripts(std::__cxx11::basic_string<char, std::char_traits<char>, std::allocator<char> > const&) (/home/xtreme/Desktop/project_prog/test+0x8ef33)
    #7 0x559332d15380 in main /home/xtreme/Desktop/project_prog/test.cpp:186
    #8 0x7f6397c29d8f in __libc_start_call_main ../sysdeps/nptl/libc_start_call_main.h:58
    #9 0x7f6397c29e3f in __libc_start_main_impl ../csu/libc-start.c:392
    #10 0x559332d14f14 in _start (/home/xtreme/Desktop/project_prog/test+0x8af14)

AddressSanitizer can not provide additional info.
SUMMARY: AddressSanitizer: SEGV /home/xtreme/Desktop/project_prog/Image.cpp:42 in prog::Image::height() const
==12002==ABORTING
>>>> [58] xpm2_open2 <<<<
Executing command 'xpm2_open' ...
Executing command 'input/squares.xpm' ...
Executing command 'save' ...
PNG.cpp:31:30: runtime error: member call on null pointer of type 'const struct Image'
Image.cpp:42:12: runtime error: member access within null pointer of type 'const struct Image'
AddressSanitizer:DEADLYSIGNAL
=================================================================
==12003==ERROR: AddressSanitizer: SEGV on unknown address 0x000000000004 (pc 0x559332d2525f bp 0x7ffed37e5830 sp 0x7ffed37e5820 T0)
==12003==The signal is caused by a READ memory access.
==12003==Hint: address points to the zero page.
    #0 0x559332d2525f in prog::Image::height() const /home/xtreme/Desktop/project_prog/Image.cpp:42
    #1 0x559332d7d14f in prog::saveToPNG(std::__cxx11::basic_string<char, std::char_traits<char>, std::allocator<char> > const&, prog::Image const*) /home/xtreme/Desktop/project_prog/PNG.cpp:31
    #2 0x559332d37f5e in prog::Script::save() /home/xtreme/Desktop/project_prog/Script.cpp:166
    #3 0x559332d34217 in prog::Script::run() /home/xtreme/Desktop/project_prog/Script.cpp:50
    #4 0x559332d162bb in prog::TestDriver::test_script(std::__cxx11::basic_string<char, std::char_traits<char>, std::allocator<char> > const&) (/home/xtreme/Desktop/project_prog/test+0x8c2bb)
    #5 0x559332d170bd in prog::TestDriver::run_test(std::__cxx11::basic_string<char, std::char_traits<char>, std::allocator<char> > const&) (/home/xtreme/Desktop/project_prog/test+0x8d0bd)
    #6 0x559332d18f33 in prog::TestDriver::test_scripts(std::__cxx11::basic_string<char, std::char_traits<char>, std::allocator<char> > const&) (/home/xtreme/Desktop/project_prog/test+0x8ef33)
    #7 0x559332d15380 in main /home/xtreme/Desktop/project_prog/test.cpp:186
    #8 0x7f6397c29d8f in __libc_start_call_main ../sysdeps/nptl/libc_start_call_main.h:58
    #9 0x7f6397c29e3f in __libc_start_main_impl ../csu/libc-start.c:392
    #10 0x559332d14f14 in _start (/home/xtreme/Desktop/project_prog/test+0x8af14)

AddressSanitizer can not provide additional info.
SUMMARY: AddressSanitizer: SEGV /home/xtreme/Desktop/project_prog/Image.cpp:42 in prog::Image::height() const
==12003==ABORTING
>>>> [59] xpm2_open3 <<<<
Executing command 'xpm2_open' ...
Executing command 'input/tetris.xpm' ...
Executing command 'save' ...
PNG.cpp:31:30: runtime error: member call on null pointer of type 'const struct Image'
Image.cpp:42:12: runtime error: member access within null pointer of type 'const struct Image'
AddressSanitizer:DEADLYSIGNAL
=================================================================
==12015==ERROR: AddressSanitizer: SEGV on unknown address 0x000000000004 (pc 0x559332d2525f bp 0x7ffed37e5830 sp 0x7ffed37e5820 T0)
==12015==The signal is caused by a READ memory access.
==12015==Hint: address points to the zero page.
    #0 0x559332d2525f in prog::Image::height() const /home/xtreme/Desktop/project_prog/Image.cpp:42
    #1 0x559332d7d14f in prog::saveToPNG(std::__cxx11::basic_string<char, std::char_traits<char>, std::allocator<char> > const&, prog::Image const*) /home/xtreme/Desktop/project_prog/PNG.cpp:31
    #2 0x559332d37f5e in prog::Script::save() /home/xtreme/Desktop/project_prog/Script.cpp:166
    #3 0x559332d34217 in prog::Script::run() /home/xtreme/Desktop/project_prog/Script.cpp:50
    #4 0x559332d162bb in prog::TestDriver::test_script(std::__cxx11::basic_string<char, std::char_traits<char>, std::allocator<char> > const&) (/home/xtreme/Desktop/project_prog/test+0x8c2bb)
    #5 0x559332d170bd in prog::TestDriver::run_test(std::__cxx11::basic_string<char, std::char_traits<char>, std::allocator<char> > const&) (/home/xtreme/Desktop/project_prog/test+0x8d0bd)
    #6 0x559332d18f33 in prog::TestDriver::test_scripts(std::__cxx11::basic_string<char, std::char_traits<char>, std::allocator<char> > const&) (/home/xtreme/Desktop/project_prog/test+0x8ef33)
    #7 0x559332d15380 in main /home/xtreme/Desktop/project_prog/test.cpp:186
    #8 0x7f6397c29d8f in __libc_start_call_main ../sysdeps/nptl/libc_start_call_main.h:58
    #9 0x7f6397c29e3f in __libc_start_main_impl ../csu/libc-start.c:392
    #10 0x559332d14f14 in _start (/home/xtreme/Desktop/project_prog/test+0x8af14)

AddressSanitizer can not provide additional info.
SUMMARY: AddressSanitizer: SEGV /home/xtreme/Desktop/project_prog/Image.cpp:42 in prog::Image::height() const
==12015==ABORTING
>>>> [60] xpm2_open4 <<<<
Executing command 'xpm2_open' ...
Executing command 'input/mondrian.xpm' ...
Executing command 'save' ...
PNG.cpp:31:30: runtime error: member call on null pointer of type 'const struct Image'
Image.cpp:42:12: runtime error: member access within null pointer of type 'const struct Image'
AddressSanitizer:DEADLYSIGNAL
=================================================================
==12016==ERROR: AddressSanitizer: SEGV on unknown address 0x000000000004 (pc 0x559332d2525f bp 0x7ffed37e5830 sp 0x7ffed37e5820 T0)
==12016==The signal is caused by a READ memory access.
==12016==Hint: address points to the zero page.
    #0 0x559332d2525f in prog::Image::height() const /home/xtreme/Desktop/project_prog/Image.cpp:42
    #1 0x559332d7d14f in prog::saveToPNG(std::__cxx11::basic_string<char, std::char_traits<char>, std::allocator<char> > const&, prog::Image const*) /home/xtreme/Desktop/project_prog/PNG.cpp:31
    #2 0x559332d37f5e in prog::Script::save() /home/xtreme/Desktop/project_prog/Script.cpp:166
    #3 0x559332d34217 in prog::Script::run() /home/xtreme/Desktop/project_prog/Script.cpp:50
    #4 0x559332d162bb in prog::TestDriver::test_script(std::__cxx11::basic_string<char, std::char_traits<char>, std::allocator<char> > const&) (/home/xtreme/Desktop/project_prog/test+0x8c2bb)
    #5 0x559332d170bd in prog::TestDriver::run_test(std::__cxx11::basic_string<char, std::char_traits<char>, std::allocator<char> > const&) (/home/xtreme/Desktop/project_prog/test+0x8d0bd)
    #6 0x559332d18f33 in prog::TestDriver::test_scripts(std::__cxx11::basic_string<char, std::char_traits<char>, std::allocator<char> > const&) (/home/xtreme/Desktop/project_prog/test+0x8ef33)
    #7 0x559332d15380 in main /home/xtreme/Desktop/project_prog/test.cpp:186
    #8 0x7f6397c29d8f in __libc_start_call_main ../sysdeps/nptl/libc_start_call_main.h:58
    #9 0x7f6397c29e3f in __libc_start_main_impl ../csu/libc-start.c:392
    #10 0x559332d14f14 in _start (/home/xtreme/Desktop/project_prog/test+0x8af14)

AddressSanitizer can not provide additional info.
SUMMARY: AddressSanitizer: SEGV /home/xtreme/Desktop/project_prog/Image.cpp:42 in prog::Image::height() const
==12016==ABORTING
>>>> [61] xpm2_open5 <<<<
Executing command 'xpm2_open' ...
Executing command 'input/lion.xpm' ...
Executing command 'save' ...
PNG.cpp:31:30: runtime error: member call on null pointer of type 'const struct Image'
Image.cpp:42:12: runtime error: member access within null pointer of type 'const struct Image'
AddressSanitizer:DEADLYSIGNAL
=================================================================
==12017==ERROR: AddressSanitizer: SEGV on unknown address 0x000000000004 (pc 0x559332d2525f bp 0x7ffed37e5830 sp 0x7ffed37e5820 T0)
==12017==The signal is caused by a READ memory access.
==12017==Hint: address points to the zero page.
    #0 0x559332d2525f in prog::Image::height() const /home/xtreme/Desktop/project_prog/Image.cpp:42
    #1 0x559332d7d14f in prog::saveToPNG(std::__cxx11::basic_string<char, std::char_traits<char>, std::allocator<char> > const&, prog::Image const*) /home/xtreme/Desktop/project_prog/PNG.cpp:31
    #2 0x559332d37f5e in prog::Script::save() /home/xtreme/Desktop/project_prog/Script.cpp:166
    #3 0x559332d34217 in prog::Script::run() /home/xtreme/Desktop/project_prog/Script.cpp:50
    #4 0x559332d162bb in prog::TestDriver::test_script(std::__cxx11::basic_string<char, std::char_traits<char>, std::allocator<char> > const&) (/home/xtreme/Desktop/project_prog/test+0x8c2bb)
    #5 0x559332d170bd in prog::TestDriver::run_test(std::__cxx11::basic_string<char, std::char_traits<char>, std::allocator<char> > const&) (/home/xtreme/Desktop/project_prog/test+0x8d0bd)
    #6 0x559332d18f33 in prog::TestDriver::test_scripts(std::__cxx11::basic_string<char, std::char_traits<char>, std::allocator<char> > const&) (/home/xtreme/Desktop/project_prog/test+0x8ef33)
    #7 0x559332d15380 in main /home/xtreme/Desktop/project_prog/test.cpp:186
    #8 0x7f6397c29d8f in __libc_start_call_main ../sysdeps/nptl/libc_start_call_main.h:58
    #9 0x7f6397c29e3f in __libc_start_main_impl ../csu/libc-start.c:392
    #10 0x559332d14f14 in _start (/home/xtreme/Desktop/project_prog/test+0x8af14)

AddressSanitizer can not provide additional info.
SUMMARY: AddressSanitizer: SEGV /home/xtreme/Desktop/project_prog/Image.cpp:42 in prog::Image::height() const
==12017==ABORTING
>>>> [62] xpm2_save1 <<<<
Executing command 'open' ...
Executing command 'xpm2_save' ...
Executing command 'output/xpm2_save1.xpm' ...
Executing command 'blank' ...
Executing command 'xpm2_open' ...
Executing command 'output/xpm2_save1.xpm' ...
Executing command 'save' ...
Images have different dimensions: 16x7 != 1x1
>>>> [63] xpm2_save2 <<<<
Executing command 'open' ...
Executing command 'xpm2_save' ...
Executing command 'output/xpm2_save2.xpm' ...
Executing command 'blank' ...
Executing command 'xpm2_open' ...
Executing command 'output/xpm2_save2.xpm' ...
Executing command 'save' ...
Images have different dimensions: 150x150 != 1x1
>>>> [64] xpm2_save3 <<<<
Executing command 'open' ...
Executing command 'xpm2_save' ...
Executing command 'output/xpm2_save3.xpm' ...
Executing command 'blank' ...
Executing command 'xpm2_open' ...
Executing command 'output/xpm2_save3.xpm' ...
Executing command 'save' ...
Images have different dimensions: 300x300 != 1x1
>>>> [65] xpm2_save4 <<<<
Executing command 'open' ...
Executing command 'xpm2_save' ...
Executing command 'output/xpm2_save4.xpm' ...
Executing command 'blank' ...
Executing command 'xpm2_open' ...
Executing command 'output/xpm2_save4.xpm' ...
Executing command 'save' ...
Images have different dimensions: 270x480 != 1x1
>>>> [66] xpm2_save5 <<<<
Executing command 'open' ...
Executing command 'xpm2_save' ...
Executing command 'output/xpm2_save5.xpm' ...
Executing command 'blank' ...
Executing command 'xpm2_open' ...
Executing command 'output/xpm2_save5.xpm' ...
Executing command 'save' ...
Images have different dimensions: 250x380 != 1x1
